mads 2.1.7
Source: sre_lseiy.asm
     1
     2 				.ifndef ATARI
     3 				    opt h-
     4 				    opt f+
     5 				    org 0
     6 0000 00			    dta 0
     7 0001 00 00 00 00 00 00 +     .align $0801,0
     8 				.else
     9 				    org $0801
    10 				.endif
    11
    12 0801			main
    13 0801 A9 1B		         lda #%00011011
    14 0803 8D C5 08		         sta db
    15 0806 A9 C6		         lda #%11000110
    16 0808 8D C6 08		         sta ab
    17 080B A9 B1		         lda #%10110001
    18 080D 8D C7 08		         sta xb
    19 0810 A9 6C		         lda #%01101100
    20 0812 8D C8 08		         sta yb
    21 0815 A9 00		         lda #0
    22 0817 8D C9 08		         sta pb
    23 081A BA			         tsx
    24 081B 8E CA 08		         stx sb
    25
    26 081E A9 00		         lda #0
    27 0820 8D C5 08		         sta db
    28 0823 8D C8 08		         sta yb
    29 0826 A9 CB		         lda #<da
    30 0828 85 AC		         sta 172
    31 082A A9 08		         lda #>da
    32 082C 85 AD		         sta 173
    33
    34 082E AD C5 08		next     lda db
    35 0831 8D CB 08		         sta da
    36 0834 4A			         lsr
    37 0835 8D D1 08		         sta dr
    38
    39 0838 4D C6 08		         eor ab
    40 083B 8D D2 08		         sta ar
    41
    42 083E AD C7 08		         lda xb
    43 0841 8D D3 08		         sta xr
    44
    45 0844 AD C8 08		         lda yb
    46 0847 8D D4 08		         sta yr
    47
    48 084A AD C9 08		         lda pb
    49 084D 09 30		         ora #%00110000
    50 084F 29 7C		         and #%01111100
    51 0851 AA			         tax
    52 0852 AD D2 08		         lda ar
    53 0855 C9 00		         cmp #0
    54 0857 D0 07		         bne nozero
    55 0859 8A			         txa
    56 085A 09 02		         ora #%00000010
    57 085C AA			         tax
    58 085D AD D2 08		         lda ar
    59 0860 0A			nozero   asl
    60 0861 90 04		         bcc noneg
    61 0863 8A			         txa
    62 0864 09 80		         ora #%10000000
    63 0866 AA			         tax
    64 0867 AD C5 08		noneg    lda db
    65 086A 29 01		         and #1
    66 086C F0 04		         beq nocarry
    67 086E 8A			         txa
    68 086F 09 01		         ora #%00000001
    69 0871 AA			         tax
    70 0872 8E D5 08		nocarry  stx pr
    71
    72 0875 AD CA 08		         lda sb
    73 0878 8D D6 08		         sta sr
    74
    75 087B AE CA 08		         ldx sb
    76 087E 9A			         txs
    77 087F AD C9 08		         lda pb
    78 0882 48			         pha
    79 0883 AD C6 08		         lda ab
    80 0886 AE C7 08		         ldx xb
    81 0889 AC C8 08		         ldy yb
    82 088C 28			         plp
    83
    84 088D 53			cmd      .byte $53
    85 088E AC			         .byte 172
    86
    87 088F 08			         php
    88 0890 D8			         cld
    89 0891 8D CC 08		         sta aa
    90 0894 8E CD 08		         stx xa
    91 0897 8C CE 08		         sty ya
    92 089A 68			         pla
    93 089B 8D CF 08		         sta pa
    94 089E BA			         tsx
    95 089F 8E D0 08		         stx sa
    96 08A2 20 D7 08		         jsr check
    97
    98 08A5 E6 AC		         inc 172
    99 08A7 D0 02		         bne noinc
   100 08A9 E6 AD		         inc 173
   101 08AB AD C8 08		noinc    lda yb
   102 08AE D0 02		         bne nodec
   103 08B0 C6 AD		         dec 173
   104 08B2 CE C8 08		nodec    dec yb
   105
   106 08B5 EE C5 08		         inc db
   107 08B8 D0 05		         bne jmpnext
   108 08BA EE C9 08		         inc pb
   109 08BD F0 03		         beq nonext
   110 08BF 4C 2E 08		jmpnext  jmp next
   111 08C2			nonext
   112 08C2 4C C2 08		success jmp *
   113
   114 08C5 00			db       .byte 0
   115 08C6 00			ab       .byte 0
   116 08C7 00			xb       .byte 0
   117 08C8 00			yb       .byte 0
   118 08C9 00			pb       .byte 0
   119 08CA 00			sb       .byte 0
   120 08CB 00			da       .byte 0
   121 08CC 00			aa       .byte 0
   122 08CD 00			xa       .byte 0
   123 08CE 00			ya       .byte 0
   124 08CF 00			pa       .byte 0
   125 08D0 00			sa       .byte 0
   126 08D1 00			dr       .byte 0
   127 08D2 00			ar       .byte 0
   128 08D3 00			xr       .byte 0
   129 08D4 00			yr       .byte 0
   130 08D5 00			pr       .byte 0
   131 08D6 00			sr       .byte 0
   132
   133 08D7			check
   134 08D7 AD CB 08		         lda da
   135 08DA CD D1 08		         cmp dr
   136 08DD D0 29		         bne error
   137 08DF AD CC 08		         lda aa
   138 08E2 CD D2 08		         cmp ar
   139 08E5 D0 21		         bne error
   140 08E7 AD CD 08		         lda xa
   141 08EA CD D3 08		         cmp xr
   142 08ED D0 19		         bne error
   143 08EF AD CE 08		         lda ya
   144 08F2 CD D4 08		         cmp yr
   145 08F5 D0 11		         bne error
   146 08F7 AD CF 08		         lda pa
   147 08FA CD D5 08		         cmp pr
   148 08FD D0 09		         bne error
   149 08FF AD D0 08		         lda sa
   150 0902 CD D6 08		         cmp sr
   151 0905 D0 01		         bne error
   152 0907 60			         rts
   153
   154 0908 4C 08 09		error    jmp *
   155
   156 				.ifndef ATARI
   157 090B			    org $fffa
   158 FFFA 00 00 01 08 00 00	    dta a(0),a(main),a(0)
   159 				.endif
